#-----------------------------------------------------------
# Vivado v2020.1 (64-bit)
# SW Build 2902540 on Wed May 27 19:54:35 MDT 2020
# IP Build 2902112 on Wed May 27 22:43:36 MDT 2020
# Start of session at: Fri Apr 23 18:11:39 2021
# Process ID: 31491
# Current directory: /home/zmhuang/workspace/C-_Load_Files/vivado_load_file_module
# Command line: vivado
# Log file: /home/zmhuang/workspace/C-_Load_Files/vivado_load_file_module/vivado.log
# Journal file: /home/zmhuang/workspace/C-_Load_Files/vivado_load_file_module/vivado.jou
#-----------------------------------------------------------
start_gui
open_project /home/zmhuang/workspace/C-_Load_Files/vivado_load_file_module/Load_file/Load_file.xpr
update_compile_order -fileset sources_1
launch_simulation
source testbench.tcl
close_sim
launch_simulation
source testbench.tcl
close_sim
launch_simulation
source testbench.tcl
close_sim
launch_simulation
source testbench.tcl
close_sim
launch_simulation
source testbench.tcl
set_property -name {xsim.simulate.runtime} -value {7500} -objects [get_filesets sim_1]
close_sim
launch_simulation
source testbench.tcl
close_sim
launch_simulation
source testbench.tcl
close_sim
launch_simulation
source testbench.tcl
close_sim
launch_simulation
source testbench.tcl
close_sim
launch_simulation
source testbench.tcl
close_sim
launch_simulation
source testbench.tcl
close_sim
launch_simulation
source testbench.tcl
close_sim
launch_simulation
source testbench.tcl
close_sim
launch_simulation
source testbench.tcl
close_sim
launch_simulation
source testbench.tcl
close_sim
launch_simulation
source testbench.tcl
close_sim
launch_simulation
source testbench.tcl
close_sim
launch_simulation
source testbench.tcl
close_sim
launch_simulation
source testbench.tcl
close_sim
launch_simulation
source testbench.tcl
set_property -name {xsim.simulate.runtime} -value {75000} -objects [get_filesets sim_1]
close_sim
launch_simulation
source testbench.tcl
close_sim
launch_simulation
source testbench.tcl
close_sim
launch_simulation
source testbench.tcl
set_property -name {xsim.simulate.runtime} -value {20000} -objects [get_filesets sim_1]
close_sim
launch_simulation
source testbench.tcl
close_sim
launch_simulation
source testbench.tcl
close_sim
launch_simulation
source testbench.tcl
close_sim
launch_simulation
source testbench.tcl
close_sim
launch_simulation
source testbench.tcl
close_sim
launch_simulation
source testbench.tcl
set_property -name {xsim.simulate.runtime} -value {63000} -objects [get_filesets sim_1]
set_property -name {xsim.simulate.runtime} -value {70000} -objects [get_filesets sim_1]
close_sim
launch_simulation
source testbench.tcl
close_sim
launch_simulation
source testbench.tcl
close_sim
launch_simulation
source testbench.tcl
close_sim
launch_simulation
source testbench.tcl
close_sim
launch_simulation
source testbench.tcl
close_sim
launch_simulation
source testbench.tcl
close_sim
launch_simulation
source testbench.tcl
close_sim
launch_simulation
source testbench.tcl
