#-----------------------------------------------------------
# Vivado v2020.1 (64-bit)
# SW Build 2902540 on Wed May 27 19:54:35 MDT 2020
# IP Build 2902112 on Wed May 27 22:43:36 MDT 2020
# Start of session at: Tue Apr 27 16:41:20 2021
# Process ID: 493
# Current directory: /home/zmhuang/workspace/C-_Load_Files/vivado_load_file_module
# Command line: vivado
# Log file: /home/zmhuang/workspace/C-_Load_Files/vivado_load_file_module/vivado.log
# Journal file: /home/zmhuang/workspace/C-_Load_Files/vivado_load_file_module/vivado.jou
#-----------------------------------------------------------
start_gui
open_project /home/zmhuang/workspace/C-_Load_Files/vivado_load_file_module/Load_file/Load_file.xpr
update_compile_order -fileset sources_1
reset_simulation -simset sim_1 -mode post-synthesis -type functional
launch_simulation
open_wave_config /home/zmhuang/workspace/C-_Load_Files/vivado_load_file_module/Load_file/testbench_behav.wcfg
source testbench.tcl
close_sim
launch_simulation
open_wave_config /home/zmhuang/workspace/C-_Load_Files/vivado_load_file_module/Load_file/testbench_behav.wcfg
source testbench.tcl
set_property -name {xsim.simulate.runtime} -value {3000} -objects [get_filesets sim_1]
close_sim
launch_simulation
open_wave_config /home/zmhuang/workspace/C-_Load_Files/vivado_load_file_module/Load_file/testbench_behav.wcfg
source testbench.tcl
close_sim
launch_simulation
open_wave_config /home/zmhuang/workspace/C-_Load_Files/vivado_load_file_module/Load_file/testbench_behav.wcfg
source testbench.tcl
reset_run synth_1
launch_runs synth_1 -jobs 4
wait_on_run synth_1
close_sim
launch_simulation
open_wave_config /home/zmhuang/workspace/C-_Load_Files/vivado_load_file_module/Load_file/testbench_behav.wcfg
source testbench.tcl
close_sim
launch_simulation
open_wave_config /home/zmhuang/workspace/C-_Load_Files/vivado_load_file_module/Load_file/testbench_behav.wcfg
source testbench.tcl
set_property -name {xsim.simulate.runtime} -value {1800} -objects [get_filesets sim_1]
close_sim
launch_simulation
open_wave_config /home/zmhuang/workspace/C-_Load_Files/vivado_load_file_module/Load_file/testbench_behav.wcfg
source testbench.tcl
close_sim
launch_simulation
open_wave_config /home/zmhuang/workspace/C-_Load_Files/vivado_load_file_module/Load_file/testbench_behav.wcfg
source testbench.tcl
set_property -name {xsim.simulate.runtime} -value {800} -objects [get_filesets sim_1]
close_sim
launch_simulation
open_wave_config /home/zmhuang/workspace/C-_Load_Files/vivado_load_file_module/Load_file/testbench_behav.wcfg
source testbench.tcl
close_sim
launch_simulation
open_wave_config /home/zmhuang/workspace/C-_Load_Files/vivado_load_file_module/Load_file/testbench_behav.wcfg
source testbench.tcl
close [ open /home/zmhuang/workspace/C-_Load_Files/vivado_load_file_module/Load_file/Load_file.srcs/sources_1/new/JTAG_init_parser.v w ]
add_files /home/zmhuang/workspace/C-_Load_Files/vivado_load_file_module/Load_file/Load_file.srcs/sources_1/new/JTAG_init_parser.v
update_compile_order -fileset sources_1
update_compile_order -fileset sources_1
close_sim
launch_simulation
open_wave_config /home/zmhuang/workspace/C-_Load_Files/vivado_load_file_module/Load_file/testbench_behav.wcfg
source testbench.tcl
close_sim
launch_simulation
open_wave_config /home/zmhuang/workspace/C-_Load_Files/vivado_load_file_module/Load_file/testbench_behav.wcfg
source testbench.tcl
close_sim
launch_simulation
open_wave_config /home/zmhuang/workspace/C-_Load_Files/vivado_load_file_module/Load_file/testbench_behav.wcfg
source testbench.tcl
close_sim
launch_simulation
open_wave_config /home/zmhuang/workspace/C-_Load_Files/vivado_load_file_module/Load_file/testbench_behav.wcfg
source testbench.tcl
close_sim
launch_simulation
open_wave_config /home/zmhuang/workspace/C-_Load_Files/vivado_load_file_module/Load_file/testbench_behav.wcfg
source testbench.tcl
close_sim
launch_simulation
open_wave_config /home/zmhuang/workspace/C-_Load_Files/vivado_load_file_module/Load_file/testbench_behav.wcfg
source testbench.tcl
close_sim
launch_simulation
open_wave_config /home/zmhuang/workspace/C-_Load_Files/vivado_load_file_module/Load_file/testbench_behav.wcfg
source testbench.tcl
close_sim
launch_simulation
open_wave_config /home/zmhuang/workspace/C-_Load_Files/vivado_load_file_module/Load_file/testbench_behav.wcfg
source testbench.tcl
close_sim
launch_simulation
open_wave_config /home/zmhuang/workspace/C-_Load_Files/vivado_load_file_module/Load_file/testbench_behav.wcfg
source testbench.tcl
close_sim
launch_simulation
open_wave_config /home/zmhuang/workspace/C-_Load_Files/vivado_load_file_module/Load_file/testbench_behav.wcfg
source testbench.tcl
close_sim
launch_simulation
open_wave_config /home/zmhuang/workspace/C-_Load_Files/vivado_load_file_module/Load_file/testbench_behav.wcfg
source testbench.tcl
set_property -name {xsim.simulate.runtime} -value {3000} -objects [get_filesets sim_1]
close_sim
launch_simulation
open_wave_config /home/zmhuang/workspace/C-_Load_Files/vivado_load_file_module/Load_file/testbench_behav.wcfg
source testbench.tcl
close_sim
launch_simulation
open_wave_config /home/zmhuang/workspace/C-_Load_Files/vivado_load_file_module/Load_file/testbench_behav.wcfg
source testbench.tcl
close_sim
launch_simulation
open_wave_config /home/zmhuang/workspace/C-_Load_Files/vivado_load_file_module/Load_file/testbench_behav.wcfg
source testbench.tcl
reset_run synth_1
launch_runs synth_1 -jobs 4
wait_on_run synth_1
launch_simulation -mode post-synthesis -type functional
open_wave_config /home/zmhuang/workspace/C-_Load_Files/vivado_load_file_module/Load_file/testbench_behav.wcfg
source testbench.tcl
current_sim simulation_24
close_sim
launch_simulation
open_wave_config /home/zmhuang/workspace/C-_Load_Files/vivado_load_file_module/Load_file/testbench_behav.wcfg
source testbench.tcl
current_sim simulation_25
close_sim
launch_simulation -mode post-synthesis -type functional
open_wave_config /home/zmhuang/workspace/C-_Load_Files/vivado_load_file_module/Load_file/testbench_behav.wcfg
source testbench.tcl
current_sim simulation_26
close_sim
launch_simulation
open_wave_config /home/zmhuang/workspace/C-_Load_Files/vivado_load_file_module/Load_file/testbench_behav.wcfg
source testbench.tcl
close_sim
launch_simulation
open_wave_config /home/zmhuang/workspace/C-_Load_Files/vivado_load_file_module/Load_file/testbench_behav.wcfg
source testbench.tcl
close_sim
launch_simulation
open_wave_config /home/zmhuang/workspace/C-_Load_Files/vivado_load_file_module/Load_file/testbench_behav.wcfg
source testbench.tcl
close_sim
launch_simulation
open_wave_config /home/zmhuang/workspace/C-_Load_Files/vivado_load_file_module/Load_file/testbench_behav.wcfg
source testbench.tcl
close_sim
launch_simulation
open_wave_config /home/zmhuang/workspace/C-_Load_Files/vivado_load_file_module/Load_file/testbench_behav.wcfg
source testbench.tcl
close_sim
launch_simulation
open_wave_config /home/zmhuang/workspace/C-_Load_Files/vivado_load_file_module/Load_file/testbench_behav.wcfg
source testbench.tcl
reset_run synth_1
close_sim
launch_simulation
open_wave_config /home/zmhuang/workspace/C-_Load_Files/vivado_load_file_module/Load_file/testbench_behav.wcfg
source testbench.tcl
close_sim
launch_simulation
open_wave_config /home/zmhuang/workspace/C-_Load_Files/vivado_load_file_module/Load_file/testbench_behav.wcfg
source testbench.tcl
close_sim
launch_simulation
open_wave_config /home/zmhuang/workspace/C-_Load_Files/vivado_load_file_module/Load_file/testbench_behav.wcfg
source testbench.tcl
close_sim
launch_simulation
open_wave_config /home/zmhuang/workspace/C-_Load_Files/vivado_load_file_module/Load_file/testbench_behav.wcfg
source testbench.tcl
close_sim
launch_simulation
open_wave_config /home/zmhuang/workspace/C-_Load_Files/vivado_load_file_module/Load_file/testbench_behav.wcfg
source testbench.tcl
close_sim
launch_simulation
open_wave_config /home/zmhuang/workspace/C-_Load_Files/vivado_load_file_module/Load_file/testbench_behav.wcfg
source testbench.tcl
close_sim
launch_simulation
open_wave_config /home/zmhuang/workspace/C-_Load_Files/vivado_load_file_module/Load_file/testbench_behav.wcfg
source testbench.tcl
close_sim
launch_simulation
open_wave_config /home/zmhuang/workspace/C-_Load_Files/vivado_load_file_module/Load_file/testbench_behav.wcfg
source testbench.tcl
launch_runs synth_1 -jobs 4
wait_on_run synth_1
reset_run synth_1
launch_runs synth_1 -jobs 4
wait_on_run synth_1
close_sim
launch_simulation
open_wave_config /home/zmhuang/workspace/C-_Load_Files/vivado_load_file_module/Load_file/testbench_behav.wcfg
source testbench.tcl
reset_run synth_1
close_sim
launch_simulation
open_wave_config /home/zmhuang/workspace/C-_Load_Files/vivado_load_file_module/Load_file/testbench_behav.wcfg
source testbench.tcl
close_sim
launch_simulation
open_wave_config /home/zmhuang/workspace/C-_Load_Files/vivado_load_file_module/Load_file/testbench_behav.wcfg
source testbench.tcl
close_sim
launch_simulation
open_wave_config /home/zmhuang/workspace/C-_Load_Files/vivado_load_file_module/Load_file/testbench_behav.wcfg
source testbench.tcl
close_sim
launch_simulation
open_wave_config /home/zmhuang/workspace/C-_Load_Files/vivado_load_file_module/Load_file/testbench_behav.wcfg
source testbench.tcl
close_sim
launch_simulation
open_wave_config /home/zmhuang/workspace/C-_Load_Files/vivado_load_file_module/Load_file/testbench_behav.wcfg
